<!DOCTYPE html PUBLIC "-//W3C//DTD HTML 4.0 Transitional//EN" "http://www.w3.org/TR/REC-html40/loose.dtd">
<html><body>
<input type="radio" name="credit-card" id="credit-card" value="credit_card">
</body></html>
