<!DOCTYPE html PUBLIC "-//W3C//DTD HTML 4.0 Transitional//EN" "http://www.w3.org/TR/REC-html40/loose.dtd">
<html><body>
<textarea name="notes" id="notes" rows="6">
    
</textarea>
</body></html>
