<!DOCTYPE html PUBLIC "-//W3C//DTD HTML 4.0 Transitional//EN" "http://www.w3.org/TR/REC-html40/loose.dtd">
<html><body>
<form id="search-filter" action="/search" method="POST">
    <fieldset>
        <legend>
            <h2>
                <button type="button" id="search-filter-trigger-main" dusk="search-filter-trigger">Filter</button>
                <button type="submit" dusk="search-filter-submit-button">apply</button>
            </h2>
        </legend>
                    <fieldset>
                <legend>
                    <h3>
                        <button type="button" id="search-filter-trigger-filter-first-filter" dusk="search-filter-button-first-filter">First Filter</button>
                    </h3>
                </legend>
                                    <div>
                        <input type="checkbox" id="first-filter-one" name="one" dusk="search-filter-input-first-filter-one">
                        <label for="first-filter-one" dusk="search-filter-label-first-filter-one">One</label>
                    </div>
                                    <div>
                        <input type="checkbox" id="first-filter-two" name="two" dusk="search-filter-input-first-filter-two">
                        <label for="first-filter-two" dusk="search-filter-label-first-filter-two">Two</label>
                    </div>
                                    <div>
                        <input type="checkbox" id="first-filter-three" name="three" dusk="search-filter-input-first-filter-three">
                        <label for="first-filter-three" dusk="search-filter-label-first-filter-three">Three</label>
                    </div>
                            </fieldset>
                    <fieldset>
                <legend>
                    <h3>
                        <button type="button" id="search-filter-trigger-filter-second-filter" dusk="search-filter-button-second-filter">Second Filter</button>
                    </h3>
                </legend>
                                    <div>
                        <input type="checkbox" id="second-filter-one" name="one" dusk="search-filter-input-second-filter-one">
                        <label for="second-filter-one" dusk="search-filter-label-second-filter-one">One</label>
                    </div>
                                    <div>
                        <input type="checkbox" id="second-filter-two" name="two" dusk="search-filter-input-second-filter-two">
                        <label for="second-filter-two" dusk="search-filter-label-second-filter-two">Two</label>
                    </div>
                                    <div>
                        <input type="checkbox" id="second-filter-three" name="three" dusk="search-filter-input-second-filter-three">
                        <label for="second-filter-three" dusk="search-filter-label-second-filter-three">Three</label>
                    </div>
                            </fieldset>
                    <fieldset>
                <legend>
                    <h3>
                        <button type="button" id="search-filter-trigger-filter-third-filter" dusk="search-filter-button-third-filter">Third Filter</button>
                    </h3>
                </legend>
                                    <div>
                        <input type="checkbox" id="third-filter-one" name="one" dusk="search-filter-input-third-filter-one">
                        <label for="third-filter-one" dusk="search-filter-label-third-filter-one">One</label>
                    </div>
                                    <div>
                        <input type="checkbox" id="third-filter-two" name="two" dusk="search-filter-input-third-filter-two">
                        <label for="third-filter-two" dusk="search-filter-label-third-filter-two">Two</label>
                    </div>
                                    <div>
                        <input type="checkbox" id="third-filter-three" name="three" dusk="search-filter-input-third-filter-three">
                        <label for="third-filter-three" dusk="search-filter-label-third-filter-three">Three</label>
                    </div>
                            </fieldset>
            </fieldset>
</form>
</body></html>
