<!DOCTYPE html PUBLIC "-//W3C//DTD HTML 4.0 Transitional//EN" "http://www.w3.org/TR/REC-html40/loose.dtd">
<html><body>
<form action="/search" method="POST" role="search" class="form-class">
    <div>
        <label for="search" class="sr-only">Search</label>
        <div>
            <input id="search" type="search">
            <div>
                <button type="submit">
                    Perform Search
                </button>
            </div>
        </div>
    </div>
</form>
</body></html>
