<!DOCTYPE html PUBLIC "-//W3C//DTD HTML 4.0 Transitional//EN" "http://www.w3.org/TR/REC-html40/loose.dtd">
<html><body>
<form action="/search" method="POST" role="search">
    <div class="">
        <label for="search" class="sr-only">Search</label>
        <div class="">
            <input id="search" type="search" title="" class="">
            <div class="">
                <button type="submit" class="custom-class">
                    Perform Search
                </button>
            </div>
        </div>
    </div>
</form>
</body></html>
