<!DOCTYPE html PUBLIC "-//W3C//DTD HTML 4.0 Transitional//EN" "http://www.w3.org/TR/REC-html40/loose.dtd">
<html><body>
<div class="text-red-600">
                    <ul>
                    <li>invalid username</li>
                    <li>need starts with abc</li>
            </ul>
            </div>
</body></html>
