<!DOCTYPE html PUBLIC "-//W3C//DTD HTML 4.0 Transitional//EN" "http://www.w3.org/TR/REC-html40/loose.dtd">
<html><body>
<div class="text-red-600">
                    <svg xmlns="http://www.w3.org/2000/svg" xmlns:xlink="http://www.w3.org/1999/xlink" aria-hidden="true" role="img" focusable="false" style="vertical-align: -0.125em;" width="1em" height="1em" preserveaspectratio="xMidYMid meet" viewbox="0 0 24 24"><g fill="none"><path d="M12 14a1 1 0 0 1-1-1v-3a1 1 0 1 1 2 0v3a1 1 0 0 1-1 1zm-1.5 2.5a1.5 1.5 0 1 1 3 0a1.5 1.5 0 0 1-3 0z" fill="currentColor"></path><path d="M10.23 3.216c.75-1.425 2.79-1.425 3.54 0l8.343 15.852C22.814 20.4 21.85 22 20.343 22H3.657c-1.505 0-2.47-1.6-1.77-2.931L10.23 3.216zM20.344 20L12 4.147L3.656 20h16.688z" fill="currentColor"></path></g></svg>
            <span>invalid username</span>
            </div>
</body></html>
