<!DOCTYPE html PUBLIC "-//W3C//DTD HTML 4.0 Transitional//EN" "http://www.w3.org/TR/REC-html40/loose.dtd">
<html><body>
<form action="http://localhost">
        <input type="hidden" name="_token" value="">        
    
</form>
</body></html>
