<!DOCTYPE html PUBLIC "-//W3C//DTD HTML 4.0 Transitional//EN" "http://www.w3.org/TR/REC-html40/loose.dtd">
<html>
<body class="min-h-screen">
<h1>Hello world!</h1>

    <script>
        document.querySelector('h1')
    </script>
    </body>
</html>
