<!DOCTYPE html>
<html lang="en" class="no-js">
<head>
    <meta charset="UTF-8">
    <meta name="viewport" content="width=device-width">

    
    

    
    <script type="module">
        document.documentElement.classList.remove('no-js');
        document.documentElement.classList.add('js');
    </script>

        <style>
        h1 { color: darkseagreen; }
    </style>
    </head>
<body>
        <h1>Hello world!</h1>
    </body>
</html>
