<!DOCTYPE html PUBLIC "-//W3C//DTD HTML 4.0 Transitional//EN" "http://www.w3.org/TR/REC-html40/loose.dtd">
<html><body>
<nav x-data="dropdown" x-bind="dropdown" class="relative" aria-label="Primary navigation">
    <button type="button" x-bind="button" x-ref="button">
        click me
    </button>

    <div x-bind="panel" x-ref="panel" class="absolute">
        <ul>
        <li>first</li>
        <li>second</li>
        <li>third</li>
    </ul>
    </div>
</nav>
</body></html>
